\BOOKMARK [1][-]{section.1}{\376\377\000I\000n\000t\000r\000o\000d\000u\000c\000c\000i\000\363\000n}{}% 1
\BOOKMARK [1][-]{section.2}{\376\377\000F\000u\000n\000d\000a\000m\000e\000n\000t\000a\000c\000i\000\363\000n\000\040\000T\000e\000\363\000r\000i\000c\000a}{}% 2
\BOOKMARK [2][-]{subsection.2.1}{\376\377\000G\000i\000t\000\040\000a\000n\000d\000\040\000G\000i\000t\000h\000u\000b}{section.2}% 3
\BOOKMARK [2][-]{subsection.2.2}{\376\377\000S\000c\000r\000u\000m}{section.2}% 4
\BOOKMARK [2][-]{subsection.2.3}{\376\377\000P\000a\000t\000r\000o\000n\000e\000s\000\040\000d\000e\000\040\000D\000i\000s\000e\000\361\000o}{section.2}% 5
\BOOKMARK [2][-]{subsection.2.4}{\376\377\000M\000o\000d\000e\000l\000o\000-\000V\000i\000s\000t\000a\000-\000C\000o\000n\000t\000r\000o\000l\000a\000d\000o\000r\000\040\000\050\000M\000V\000C\000\051}{section.2}% 6
\BOOKMARK [2][-]{subsection.2.5}{\376\377\000J\000a\000v\000a}{section.2}% 7
\BOOKMARK [1][-]{section.3}{\376\377\000M\000e\000t\000o\000d\000o\000l\000o\000g\000\355\000a}{}% 8
\BOOKMARK [2][-]{subsection.3.1}{\376\377\000F\000a\000s\000e\000\040\0001\000\040\000-\000\040\000R\000e\000c\000o\000l\000e\000c\000c\000i\000\363\000n\000\040\000y\000\040\000c\000o\000n\000s\000t\000r\000u\000c\000c\000i\000\363\000n\000\040\000d\000e\000l\000\040\000t\000h\000e\000s\000a\000u\000r\000u\000s}{section.3}% 9
\BOOKMARK [2][-]{subsection.3.2}{\376\377\000F\000a\000s\000e\000\040\0002\000\040\000-\000\040\000A\000n\000\341\000l\000i\000s\000i\000s\000\040\000c\000u\000a\000l\000i\000t\000a\000t\000i\000v\000o\000\040\000d\000e\000\040\000l\000a\000\040\000e\000v\000i\000d\000e\000n\000c\000i\000a\000\040\000\050\000s\000\355\000n\000t\000e\000s\000i\000s\000\040\000d\000e\000l\000\040\000t\000h\000e\000s\000a\000u\000r\000u\000s\000\051}{section.3}% 10
\BOOKMARK [1][-]{section.4}{\376\377\000D\000i\000s\000e\000\361\000o\000\040\000y\000\040\000d\000e\000s\000a\000r\000r\000o\000l\000l\000o\000\040\000d\000e\000l\000\040\000s\000i\000s\000t\000e\000m\000a}{}% 11
\BOOKMARK [2][-]{subsection.4.1}{\376\377\000P\000r\000o\000c\000e\000d\000i\000m\000i\000e\000n\000t\000o\000\040\000d\000e\000t\000a\000l\000l\000a\000d\000o}{section.4}% 12
\BOOKMARK [3][-]{subsubsection.4.1.1}{\376\377\000D\000i\000s\000e\000\361\000o\000\040\000d\000e\000\040\000l\000a\000\040\000a\000r\000q\000u\000i\000t\000e\000c\000t\000u\000r\000a\000\040\000\050\000M\000V\000C\000\051}{subsection.4.1}% 13
\BOOKMARK [3][-]{subsubsection.4.1.2}{\376\377\000P\000a\000t\000r\000o\000n\000e\000s\000\040\000d\000e\000\040\000D\000i\000s\000e\000\361\000o}{subsection.4.1}% 14
\BOOKMARK [3][-]{subsubsection.4.1.3}{\376\377\000L\000e\000n\000g\000u\000a\000j\000e\000\040\000J\000a\000v\000a}{subsection.4.1}% 15
\BOOKMARK [3][-]{subsubsection.4.1.4}{\376\377\000S\000c\000r\000u\000m}{subsection.4.1}% 16
\BOOKMARK [3][-]{subsubsection.4.1.5}{\376\377\000G\000i\000t\000\040\000a\000n\000d\000\040\000G\000i\000t\000h\000u\000b}{subsection.4.1}% 17
\BOOKMARK [2][-]{subsection.4.2}{\376\377\000H\000e\000r\000r\000a\000m\000i\000e\000n\000t\000a\000s\000\040\000c\000o\000m\000p\000l\000e\000m\000e\000n\000t\000a\000r\000i\000a\000s}{section.4}% 18
\BOOKMARK [1][-]{section.5}{\376\377\000R\000e\000s\000u\000l\000t\000a\000d\000o\000s}{}% 19
\BOOKMARK [2][-]{subsection.5.1}{\376\377\000R\000e\000s\000u\000l\000t\000a\000d\000o\000s\000\040\000e\000n\000\040\000l\000a\000\040\000a\000r\000q\000u\000i\000t\000e\000c\000t\000u\000r\000a\000\040\000y\000\040\000e\000l\000\040\000d\000e\000s\000a\000r\000r\000o\000l\000l\000o\000\040\000d\000e\000l\000\040\000s\000i\000s\000t\000e\000m\000a}{section.5}% 20
\BOOKMARK [2][-]{subsection.5.2}{\376\377\000R\000e\000s\000u\000l\000t\000a\000d\000o\000s\000\040\000e\000n\000\040\000l\000a\000\040\000a\000p\000l\000i\000c\000a\000c\000i\000\363\000n\000\040\000d\000e\000\040\000l\000a\000\040\000m\000e\000t\000o\000d\000o\000l\000o\000g\000\355\000a\000\040\000\341\000g\000i\000l\000\040\000\050\000S\000c\000r\000u\000m\000\051}{section.5}% 21
\BOOKMARK [1][-]{section.6}{\376\377\000D\000i\000s\000c\000u\000s\000i\000\363\000n}{}% 22
\BOOKMARK [1][-]{section.7}{\376\377\000C\000o\000n\000c\000l\000u\000s\000i\000\363\000n}{}% 23
\BOOKMARK [1][-]{section*.3}{\376\377\000A\000p\000\351\000n\000d\000i\000c\000e}{}% 24
