\BOOKMARK [1][-]{section*.4}{\376\377\000I\000n\000t\000r\000o\000d\000u\000c\000c\000i\000\363\000n}{}% 1
\BOOKMARK [1][-]{section*.5}{\376\377\000F\000u\000n\000d\000a\000m\000e\000n\000t\000a\000c\000i\000\363\000n\000\040\000T\000e\000\363\000r\000i\000c\000a}{}% 2
\BOOKMARK [2][-]{section*.6}{\376\377\000G\000i\000t\000\040\000a\000n\000d\000\040\000G\000i\000t\000h\000u\000b}{section*.5}% 3
\BOOKMARK [2][-]{section*.7}{\376\377\000S\000c\000r\000u\000m}{section*.5}% 4
\BOOKMARK [2][-]{section*.8}{\376\377\000P\000a\000t\000r\000o\000n\000e\000s\000\040\000d\000e\000\040\000D\000i\000s\000e\000\361\000o}{section*.5}% 5
\BOOKMARK [2][-]{section*.9}{\376\377\000M\000o\000d\000e\000l\000o\000-\000V\000i\000s\000t\000a\000-\000C\000o\000n\000t\000r\000o\000l\000a\000d\000o\000r\000\040\000\050\000M\000V\000C\000\051}{section*.5}% 6
\BOOKMARK [2][-]{section*.10}{\376\377\000J\000a\000v\000a}{section*.5}% 7
\BOOKMARK [1][-]{section*.11}{\376\377\000M\000e\000t\000o\000d\000o\000l\000o\000g\000\355\000a}{}% 8
\BOOKMARK [2][-]{section*.12}{\376\377\000F\000a\000s\000e\000\040\0001\000\040\000-\000\040\000R\000e\000c\000o\000l\000e\000c\000c\000i\000\363\000n\000\040\000y\000\040\000c\000o\000n\000s\000t\000r\000u\000c\000c\000i\000\363\000n\000\040\000d\000e\000l\000\040\000t\000h\000e\000s\000a\000u\000r\000u\000s}{section*.11}% 9
\BOOKMARK [2][-]{section*.13}{\376\377\000F\000a\000s\000e\000\040\0002\000\040\000-\000\040\000A\000n\000\341\000l\000i\000s\000i\000s\000\040\000c\000u\000a\000l\000i\000t\000a\000t\000i\000v\000o\000\040\000d\000e\000\040\000l\000a\000\040\000e\000v\000i\000d\000e\000n\000c\000i\000a\000\040\000\050\000s\000\355\000n\000t\000e\000s\000i\000s\000\040\000d\000e\000l\000\040\000t\000h\000e\000s\000a\000u\000r\000u\000s\000\051}{section*.11}% 10
\BOOKMARK [1][-]{section*.14}{\376\377\000D\000i\000s\000e\000\361\000o\000\040\000y\000\040\000d\000e\000s\000a\000r\000r\000o\000l\000l\000o\000\040\000d\000e\000l\000\040\000s\000i\000s\000t\000e\000m\000a}{}% 11
\BOOKMARK [2][-]{section*.15}{\376\377\000P\000r\000o\000c\000e\000d\000i\000m\000i\000e\000n\000t\000o\000\040\000d\000e\000t\000a\000l\000l\000a\000d\000o}{section*.14}% 12
\BOOKMARK [3][-]{section*.16}{\376\377\000D\000i\000s\000e\000\361\000o\000\040\000d\000e\000\040\000l\000a\000\040\000a\000r\000q\000u\000i\000t\000e\000c\000t\000u\000r\000a\000\040\000\050\000M\000V\000C\000\051}{section*.15}% 13
\BOOKMARK [3][-]{section*.17}{\376\377\000P\000a\000t\000r\000o\000n\000e\000s\000\040\000d\000e\000\040\000D\000i\000s\000e\000\361\000o}{section*.15}% 14
\BOOKMARK [3][-]{section*.18}{\376\377\000L\000e\000n\000g\000u\000a\000j\000e\000\040\000J\000a\000v\000a}{section*.15}% 15
\BOOKMARK [3][-]{section*.19}{\376\377\000S\000c\000r\000u\000m}{section*.15}% 16
\BOOKMARK [3][-]{section*.20}{\376\377\000G\000i\000t\000\040\000a\000n\000d\000\040\000G\000i\000t\000h\000u\000b}{section*.15}% 17
\BOOKMARK [2][-]{section*.21}{\376\377\000H\000e\000r\000r\000a\000m\000i\000e\000n\000t\000a\000s\000\040\000c\000o\000m\000p\000l\000e\000m\000e\000n\000t\000a\000r\000i\000a\000s}{section*.14}% 18
\BOOKMARK [1][-]{section*.22}{\376\377\000R\000e\000s\000u\000l\000t\000a\000d\000o\000s}{}% 19
\BOOKMARK [2][-]{section*.23}{\376\377\000R\000e\000s\000u\000l\000t\000a\000d\000o\000s\000\040\000e\000n\000\040\000l\000a\000\040\000a\000r\000q\000u\000i\000t\000e\000c\000t\000u\000r\000a\000\040\000y\000\040\000e\000l\000\040\000d\000e\000s\000a\000r\000r\000o\000l\000l\000o\000\040\000d\000e\000l\000\040\000s\000i\000s\000t\000e\000m\000a}{section*.22}% 20
\BOOKMARK [2][-]{section*.24}{\376\377\000R\000e\000s\000u\000l\000t\000a\000d\000o\000s\000\040\000e\000n\000\040\000l\000a\000\040\000a\000p\000l\000i\000c\000a\000c\000i\000\363\000n\000\040\000d\000e\000\040\000l\000a\000\040\000m\000e\000t\000o\000d\000o\000l\000o\000g\000\355\000a\000\040\000\341\000g\000i\000l\000\040\000\050\000S\000c\000r\000u\000m\000\051}{section*.22}% 21
\BOOKMARK [1][-]{section*.25}{\376\377\000C\000o\000n\000c\000l\000u\000s\000i\000\363\000n}{}% 22
